src/components/PasswordChangeCard.tsx(4,1): error TS6133: 'TextGenerateEffect' is declared but its value is never read.
src/components/ProfileEditCard.tsx(147,25): error TS2322: Type '{ children: string; as: "button"; type: string; disabled: boolean; className: string; containerClassName: string; duration: number; }' is not assignable to type 'IntrinsicAttributes & { as?: ElementType<any, keyof IntrinsicElements> | undefined; containerClassName?: string | undefined; className?: string | undefined; duration?: number | undefined; clockwise?: boolean | undefined; } & HTMLAttributes<...> & { ...; }'.
  Property 'type' does not exist on type 'IntrinsicAttributes & { as?: ElementType<any, keyof IntrinsicElements> | undefined; containerClassName?: string | undefined; className?: string | undefined; duration?: number | undefined; clockwise?: boolean | undefined; } & HTMLAttributes<...> & { ...; }'.
src/components/ui/3d-card.tsx(134,10): error TS2745: This JSX tag's 'children' prop expects type 'never' which requires multiple children, but only a single child was provided.
src/components/ui/3d-card.tsx(135,13): error TS2322: Type 'RefObject<HTMLDivElement | null>' is not assignable to type 'never'.
src/components/ui/3d-card.tsx(136,13): error TS2322: Type 'string' is not assignable to type 'never'.
src/components/ui/canvas-reveal-effect.tsx(46,5): error TS6133: 'animationSpeed' is declared but its value is never read.
src/components/ui/canvas-reveal-effect.tsx(49,12): error TS6133: 'isAnimating' is declared but its value is never read.
src/components/ui/card-spotlight.tsx(20,12): error TS6133: 'isFocused' is declared but its value is never read.
src/components/ui/card-stack.tsx(4,1): error TS6133: 'cn' is declared but its value is never read.
src/components/ui/floating-navbar.tsx(2,8): error TS6133: 'React' is declared but its value is never read.
src/components/ui/floating-navbar.tsx(2,28): error TS6133: 'useRef' is declared but its value is never read.
src/components/ui/floating-navbar.tsx(3,35): error TS6133: 'useAnimation' is declared but its value is never read.
src/components/ui/floating-navbar.tsx(3,49): error TS6133: 'useMotionValue' is declared but its value is never read.
src/components/ui/floating-navbar.tsx(13,16): error TS2503: Cannot find namespace 'JSX'.
src/components/ui/grid-dot-backgrounds.tsx(2,1): error TS6192: All imports in import declaration are unused.
src/components/ui/grid-dot-backgrounds.tsx(3,1): error TS6133: 'useRef' is declared but its value is never read.
src/components/ui/grid-dot-backgrounds.tsx(4,1): error TS6133: 'motion' is declared but its value is never read.
src/components/ui/hover-border-gradient.tsx(3,1): error TS6133: 'motion' is declared but its value is never read.
src/components/ui/hover-border-gradient.tsx(24,10): error TS2746: This JSX tag's 'children' prop expects a single child of type 'never', but multiple children were provided.
src/components/ui/hover-border-gradient.tsx(25,13): error TS2322: Type 'string' is not assignable to type 'never'.
src/components/ui/hover-border-gradient.tsx(47,20): error TS2322: Type '{ children: string; jsx: true; }' is not assignable to type 'DetailedHTMLProps<StyleHTMLAttributes<HTMLStyleElement>, HTMLStyleElement>'.
  Property 'jsx' does not exist on type 'DetailedHTMLProps<StyleHTMLAttributes<HTMLStyleElement>, HTMLStyleElement>'.
src/components/ui/infinite-moving-cards.tsx(120,20): error TS2322: Type '{ children: string; jsx: true; }' is not assignable to type 'DetailedHTMLProps<StyleHTMLAttributes<HTMLStyleElement>, HTMLStyleElement>'.
  Property 'jsx' does not exist on type 'DetailedHTMLProps<StyleHTMLAttributes<HTMLStyleElement>, HTMLStyleElement>'.
src/components/ui/moving-border.tsx(146,10): error TS2746: This JSX tag's 'children' prop expects a single child of type 'never', but multiple children were provided.
src/components/ui/moving-border.tsx(147,13): error TS2322: Type 'string' is not assignable to type 'never'.
src/components/ui/moving-border.tsx(151,13): error TS2322: Type '{ borderRadius: string; }' is not assignable to type 'never'.
src/components/ui/placeholders-and-vanish-input.tsx(3,10): error TS6133: 'AnimatePresence' is declared but its value is never read.
src/components/ui/placeholders-and-vanish-input.tsx(4,10): error TS6133: 'useCallback' is declared but its value is never read.
src/components/ui/placeholders-and-vanish-input.tsx(22,32): error TS2503: Cannot find namespace 'NodeJS'.
src/components/ui/sparkles.tsx(2,8): error TS6133: 'React' is declared but its value is never read.
src/components/ui/sparkles.tsx(2,17): error TS6133: 'useId' is declared but its value is never read.
src/components/ui/sparkles.tsx(19,9): error TS6133: 'id' is declared but its value is never read.
src/components/ui/tabs.tsx(27,37): error TS6133: 'idx' is declared but its value is never read.
src/components/ui/tabs.tsx(83,29): error TS6133: 'idx' is declared but its value is never read.
src/components/ui/tabs.tsx(98,21): error TS2322: Type 'unknown' is not assignable to type 'ReactNode | MotionValueNumber | MotionValueString'.
